INFO Generating standards index
INFO Wrote .repo_studios\reports\producer_reports\standards_index_reports\latest_index.yaml (rules=2, hash=ac5fbce0d218)
INFO Analyzing standards index gaps
INFO docs\standards\global\std-global-code-cleanup.md: 1 candidate(s)
INFO   L  16 | - Prefer automated formatting and linting fixes as separate commits when practical to keep code changes clear.
INFO docs\standards\global\std-global-markdown-authoring.md: 5 candidate(s)
INFO   L  27 | - Ensure every substantive document includes at least one `##` subsection so the doc index can surface a meaningful table of contents.
INFO   L  28 | - Use descriptive, unique headings; when cloning a template, immediately rename sections to avoid duplicate slugs across the repository.
INFO   L  39 | - Use `owner` to capture the accountable team or alias (for example, `repo_studios_ai`).
INFO   L  45 | - Ensure each file has only one top-level heading and organize subsections using `##`/`###` tiers for predictable anchors.
INFO   L  47 | - Prefer descriptive link text and repository-relative URLs to avoid rot when mirrors or forks consume the documentation.
INFO docs\standards\global\std-global-monkey-patching.md: 1 candidate(s)
INFO   L  14 | - Avoid patching Python builtins (`len`, `open`, `list`, etc.) outside of tightly scoped, clearly documented tests.
INFO docs\standards\global\std-global-python-engineering.md: 3 candidate(s)
INFO   L  14 | - Prefer specific exception types (`ValueError`, `KeyError`, etc.) over bare `except:` clauses to avoid masking unexpected faults.
INFO   L  16 | - Use `try` blocks narrowly and confine remediation logic to the smallest scope that meaningfully handles the error.
INFO   L  21 | - Ensure log messages include actionable fields such as correlation IDs, user identifiers, or feature flags when applicable.
INFO docs\standards\project\std-project-operating-standard.md: 1 candidate(s)
INFO   L  20 | - Document every new automation target or script addition in the repository Makefile and supporting docs to keep contributors informed.
INFO docs\standards\project\std-project-python-instructions.md: 3 candidate(s)
INFO   L  21 | - Use the repository-managed virtual environment (`.venv/`) for local development and testing. Regenerate it after any dependency change.
INFO   L  22 | - Pin new dependencies in `requirements.txt` or supporting lockfiles and document the reasoning in pull requests.
INFO   L  28 | - Ensure each doc adheres to the global markdown authoring standard: include front matter with `owner`, `tags`, and `status`, provide a single H1 with a descriptive summary paragraph, and add meaningful H2 sections for navigability.
INFO Total candidate directives: 14
INFO Step diff skipped: diff-old-index not provided
INFO Seeding standards prompt bundles
INFO Repo root: C:\Users\genet\repo_studios
INFO Index path: C:\Users\genet\repo_studios\.repo_studios\reports\producer_reports\standards_index_reports\latest_index.yaml
INFO Output directory: C:\Users\genet\repo_studios\.repo_studios\reports\producer_reports\standards_prompt_seeds
INFO Include warn: False
INFO Artifact formats: text, yaml, json
ERROR Step summary raised unexpected error
Traceback (most recent call last):
  File "C:\Users\genet\repo_studios\.repo_studios\command_center\scripts\libraries\topic_pipeline.py", line 120, in run
    result = step.runner(context)
  File "C:\Users\genet\repo_studios\.repo_studios\command_center\scripts\orchestrators\run_standards_integrity.py", line 685, in summary_step
    outcome = _execute_summary(paths, index_outcome=index_outcome)
  File "C:\Users\genet\repo_studios\.repo_studios\command_center\scripts\orchestrators\run_standards_integrity.py", line 492, in _execute_summary
    summarize_callable = _load_callable(paths.repo_root / SUMMARY_SCRIPT, SUMMARY_MODULE, "summarize")
  File "C:\Users\genet\repo_studios\.repo_studios\command_center\scripts\orchestrators\run_standards_integrity.py", line 296, in _load_callable
    raise AttributeError(f"Module {module_name} missing callable {attribute}()")
AttributeError: Module scripts.summarizers.summarize_standards missing callable summarize()
ERROR Step summary failed: Module scripts.summarizers.summarize_standards missing callable summarize()
ERROR Pipeline failed: summary: Module scripts.summarizers.summarize_standards missing callable summarize()
