Updated files: 20
 - repo_prompts.md
 - .github/architect.chatmode.md
 - .github/ask.chatmode.md
 - .github/code.chatmode.md
 - .github/debug.chatmode.md
 - tmp_cli_probe/replace_decision_log_refs.py
 - .repo_studios/scripts/script_inventory_architecture.md
 - .repo_studios/docs/automation/verify_docs_integrity.md
 - .repo_studios/docs/governance/alignment-ledger.md
 - .repo_studios/docs/playbooks/playbook-agent-operations.md
 - .repo_studios/docs/playbooks/playbook-migration.md
 - .repo_studios/docs/playbooks/playbook-prompt-library.md
 - .repo_studios/command_center/docs/metrics/weighted_progress_briefing_template.md
 - .repo_studios/command_center/docs/phase_6/PROMPT_CHANGE_CONTROL_WORKFLOW.md
 - .repo_studios/command_center/docs/phase_6/PROMPT_DELTA_DRAFTS.md
 - .repo_studios/command_center/docs/phase_6/PROMPT_ROLLBACK_PLAYBOOK.md
 - .repo_studios/command_center/docs/phase_7/FALSE_POSITIVE_FEEDBACK_LOOP.md
 - .repo_studios/command_center/docs/phase_7/METRIC_BASELINE_PLAN.md
 - .repo_studios/command_center/docs/phase_6/validation_runs/2025-11-04-after_coding_alignment.md
 - .repo_studios/command_center/docs/phase_6/validation_runs/2025-11-04-session_primer.md
